libtool: compile:  gcc -I. -I/home/lozza/php_inbuilt/lxd/ext -DPHP_ATOM_INC -I/home/lozza/php_inbuilt/lxd/ext/include -I/home/lozza/php_inbuilt/lxd/ext/main -I/home/lozza/php_inbuilt/lxd/ext -I/usr/include/php/20151012 -I/usr/include/php/20151012/main -I/usr/include/php/20151012/TSRM -I/usr/include/php/20151012/Zend -I/usr/include/php/20151012/ext -I/usr/include/php/20151012/ext/date/lib -DHAVE_CONFIG_H -O2 -fvisibility=hidden -Wparentheses -flto -DZEPHIR_RELEASE=1 -c /home/lozza/php_inbuilt/lxd/ext/kernel/main.c  -fPIC -DPIC -o kernel/.libs/main.o
libtool: compile:  gcc -I. -I/home/lozza/php_inbuilt/lxd/ext -DPHP_ATOM_INC -I/home/lozza/php_inbuilt/lxd/ext/include -I/home/lozza/php_inbuilt/lxd/ext/main -I/home/lozza/php_inbuilt/lxd/ext -I/usr/include/php/20151012 -I/usr/include/php/20151012/main -I/usr/include/php/20151012/TSRM -I/usr/include/php/20151012/Zend -I/usr/include/php/20151012/ext -I/usr/include/php/20151012/ext/date/lib -DHAVE_CONFIG_H -O2 -fvisibility=hidden -Wparentheses -flto -DZEPHIR_RELEASE=1 -c /home/lozza/php_inbuilt/lxd/ext/lxd.c  -fPIC -DPIC -o .libs/lxd.o
libtool: compile:  gcc -I. -I/home/lozza/php_inbuilt/lxd/ext -DPHP_ATOM_INC -I/home/lozza/php_inbuilt/lxd/ext/include -I/home/lozza/php_inbuilt/lxd/ext/main -I/home/lozza/php_inbuilt/lxd/ext -I/usr/include/php/20151012 -I/usr/include/php/20151012/main -I/usr/include/php/20151012/TSRM -I/usr/include/php/20151012/Zend -I/usr/include/php/20151012/ext -I/usr/include/php/20151012/ext/date/lib -DHAVE_CONFIG_H -O2 -fvisibility=hidden -Wparentheses -flto -DZEPHIR_RELEASE=1 -c /home/lozza/php_inbuilt/lxd/ext/kernel/memory.c  -fPIC -DPIC -o kernel/.libs/memory.o
libtool: compile:  gcc -I. -I/home/lozza/php_inbuilt/lxd/ext -DPHP_ATOM_INC -I/home/lozza/php_inbuilt/lxd/ext/include -I/home/lozza/php_inbuilt/lxd/ext/main -I/home/lozza/php_inbuilt/lxd/ext -I/usr/include/php/20151012 -I/usr/include/php/20151012/main -I/usr/include/php/20151012/TSRM -I/usr/include/php/20151012/Zend -I/usr/include/php/20151012/ext -I/usr/include/php/20151012/ext/date/lib -DHAVE_CONFIG_H -O2 -fvisibility=hidden -Wparentheses -flto -DZEPHIR_RELEASE=1 -c /home/lozza/php_inbuilt/lxd/ext/kernel/exception.c  -fPIC -DPIC -o kernel/.libs/exception.o
libtool: compile:  gcc -I. -I/home/lozza/php_inbuilt/lxd/ext -DPHP_ATOM_INC -I/home/lozza/php_inbuilt/lxd/ext/include -I/home/lozza/php_inbuilt/lxd/ext/main -I/home/lozza/php_inbuilt/lxd/ext -I/usr/include/php/20151012 -I/usr/include/php/20151012/main -I/usr/include/php/20151012/TSRM -I/usr/include/php/20151012/Zend -I/usr/include/php/20151012/ext -I/usr/include/php/20151012/ext/date/lib -DHAVE_CONFIG_H -O2 -fvisibility=hidden -Wparentheses -flto -DZEPHIR_RELEASE=1 -c /home/lozza/php_inbuilt/lxd/ext/kernel/debug.c  -fPIC -DPIC -o kernel/.libs/debug.o
libtool: compile:  gcc -I. -I/home/lozza/php_inbuilt/lxd/ext -DPHP_ATOM_INC -I/home/lozza/php_inbuilt/lxd/ext/include -I/home/lozza/php_inbuilt/lxd/ext/main -I/home/lozza/php_inbuilt/lxd/ext -I/usr/include/php/20151012 -I/usr/include/php/20151012/main -I/usr/include/php/20151012/TSRM -I/usr/include/php/20151012/Zend -I/usr/include/php/20151012/ext -I/usr/include/php/20151012/ext/date/lib -DHAVE_CONFIG_H -O2 -fvisibility=hidden -Wparentheses -flto -DZEPHIR_RELEASE=1 -c /home/lozza/php_inbuilt/lxd/ext/kernel/backtrace.c  -fPIC -DPIC -o kernel/.libs/backtrace.o
libtool: compile:  gcc -I. -I/home/lozza/php_inbuilt/lxd/ext -DPHP_ATOM_INC -I/home/lozza/php_inbuilt/lxd/ext/include -I/home/lozza/php_inbuilt/lxd/ext/main -I/home/lozza/php_inbuilt/lxd/ext -I/usr/include/php/20151012 -I/usr/include/php/20151012/main -I/usr/include/php/20151012/TSRM -I/usr/include/php/20151012/Zend -I/usr/include/php/20151012/ext -I/usr/include/php/20151012/ext/date/lib -DHAVE_CONFIG_H -O2 -fvisibility=hidden -Wparentheses -flto -DZEPHIR_RELEASE=1 -c /home/lozza/php_inbuilt/lxd/ext/kernel/object.c  -fPIC -DPIC -o kernel/.libs/object.o
libtool: compile:  gcc -I. -I/home/lozza/php_inbuilt/lxd/ext -DPHP_ATOM_INC -I/home/lozza/php_inbuilt/lxd/ext/include -I/home/lozza/php_inbuilt/lxd/ext/main -I/home/lozza/php_inbuilt/lxd/ext -I/usr/include/php/20151012 -I/usr/include/php/20151012/main -I/usr/include/php/20151012/TSRM -I/usr/include/php/20151012/Zend -I/usr/include/php/20151012/ext -I/usr/include/php/20151012/ext/date/lib -DHAVE_CONFIG_H -O2 -fvisibility=hidden -Wparentheses -flto -DZEPHIR_RELEASE=1 -c /home/lozza/php_inbuilt/lxd/ext/kernel/array.c  -fPIC -DPIC -o kernel/.libs/array.o
libtool: compile:  gcc -I. -I/home/lozza/php_inbuilt/lxd/ext -DPHP_ATOM_INC -I/home/lozza/php_inbuilt/lxd/ext/include -I/home/lozza/php_inbuilt/lxd/ext/main -I/home/lozza/php_inbuilt/lxd/ext -I/usr/include/php/20151012 -I/usr/include/php/20151012/main -I/usr/include/php/20151012/TSRM -I/usr/include/php/20151012/Zend -I/usr/include/php/20151012/ext -I/usr/include/php/20151012/ext/date/lib -DHAVE_CONFIG_H -O2 -fvisibility=hidden -Wparentheses -flto -DZEPHIR_RELEASE=1 -c /home/lozza/php_inbuilt/lxd/ext/kernel/string.c  -fPIC -DPIC -o kernel/.libs/string.o
libtool: compile:  gcc -I. -I/home/lozza/php_inbuilt/lxd/ext -DPHP_ATOM_INC -I/home/lozza/php_inbuilt/lxd/ext/include -I/home/lozza/php_inbuilt/lxd/ext/main -I/home/lozza/php_inbuilt/lxd/ext -I/usr/include/php/20151012 -I/usr/include/php/20151012/main -I/usr/include/php/20151012/TSRM -I/usr/include/php/20151012/Zend -I/usr/include/php/20151012/ext -I/usr/include/php/20151012/ext/date/lib -DHAVE_CONFIG_H -O2 -fvisibility=hidden -Wparentheses -flto -DZEPHIR_RELEASE=1 -c /home/lozza/php_inbuilt/lxd/ext/kernel/fcall.c  -fPIC -DPIC -o kernel/.libs/fcall.o
libtool: compile:  gcc -I. -I/home/lozza/php_inbuilt/lxd/ext -DPHP_ATOM_INC -I/home/lozza/php_inbuilt/lxd/ext/include -I/home/lozza/php_inbuilt/lxd/ext/main -I/home/lozza/php_inbuilt/lxd/ext -I/usr/include/php/20151012 -I/usr/include/php/20151012/main -I/usr/include/php/20151012/TSRM -I/usr/include/php/20151012/Zend -I/usr/include/php/20151012/ext -I/usr/include/php/20151012/ext/date/lib -DHAVE_CONFIG_H -O2 -fvisibility=hidden -Wparentheses -flto -DZEPHIR_RELEASE=1 -c /home/lozza/php_inbuilt/lxd/ext/kernel/require.c  -fPIC -DPIC -o kernel/.libs/require.o
libtool: compile:  gcc -I. -I/home/lozza/php_inbuilt/lxd/ext -DPHP_ATOM_INC -I/home/lozza/php_inbuilt/lxd/ext/include -I/home/lozza/php_inbuilt/lxd/ext/main -I/home/lozza/php_inbuilt/lxd/ext -I/usr/include/php/20151012 -I/usr/include/php/20151012/main -I/usr/include/php/20151012/TSRM -I/usr/include/php/20151012/Zend -I/usr/include/php/20151012/ext -I/usr/include/php/20151012/ext/date/lib -DHAVE_CONFIG_H -O2 -fvisibility=hidden -Wparentheses -flto -DZEPHIR_RELEASE=1 -c /home/lozza/php_inbuilt/lxd/ext/kernel/file.c  -fPIC -DPIC -o kernel/.libs/file.o
libtool: compile:  gcc -I. -I/home/lozza/php_inbuilt/lxd/ext -DPHP_ATOM_INC -I/home/lozza/php_inbuilt/lxd/ext/include -I/home/lozza/php_inbuilt/lxd/ext/main -I/home/lozza/php_inbuilt/lxd/ext -I/usr/include/php/20151012 -I/usr/include/php/20151012/main -I/usr/include/php/20151012/TSRM -I/usr/include/php/20151012/Zend -I/usr/include/php/20151012/ext -I/usr/include/php/20151012/ext/date/lib -DHAVE_CONFIG_H -O2 -fvisibility=hidden -Wparentheses -flto -DZEPHIR_RELEASE=1 -c /home/lozza/php_inbuilt/lxd/ext/kernel/operators.c  -fPIC -DPIC -o kernel/.libs/operators.o
libtool: compile:  gcc -I. -I/home/lozza/php_inbuilt/lxd/ext -DPHP_ATOM_INC -I/home/lozza/php_inbuilt/lxd/ext/include -I/home/lozza/php_inbuilt/lxd/ext/main -I/home/lozza/php_inbuilt/lxd/ext -I/usr/include/php/20151012 -I/usr/include/php/20151012/main -I/usr/include/php/20151012/TSRM -I/usr/include/php/20151012/Zend -I/usr/include/php/20151012/ext -I/usr/include/php/20151012/ext/date/lib -DHAVE_CONFIG_H -O2 -fvisibility=hidden -Wparentheses -flto -DZEPHIR_RELEASE=1 -c /home/lozza/php_inbuilt/lxd/ext/kernel/math.c  -fPIC -DPIC -o kernel/.libs/math.o
libtool: compile:  gcc -I. -I/home/lozza/php_inbuilt/lxd/ext -DPHP_ATOM_INC -I/home/lozza/php_inbuilt/lxd/ext/include -I/home/lozza/php_inbuilt/lxd/ext/main -I/home/lozza/php_inbuilt/lxd/ext -I/usr/include/php/20151012 -I/usr/include/php/20151012/main -I/usr/include/php/20151012/TSRM -I/usr/include/php/20151012/Zend -I/usr/include/php/20151012/ext -I/usr/include/php/20151012/ext/date/lib -DHAVE_CONFIG_H -O2 -fvisibility=hidden -Wparentheses -flto -DZEPHIR_RELEASE=1 -c /home/lozza/php_inbuilt/lxd/ext/kernel/concat.c  -fPIC -DPIC -o kernel/.libs/concat.o
libtool: compile:  gcc -I. -I/home/lozza/php_inbuilt/lxd/ext -DPHP_ATOM_INC -I/home/lozza/php_inbuilt/lxd/ext/include -I/home/lozza/php_inbuilt/lxd/ext/main -I/home/lozza/php_inbuilt/lxd/ext -I/usr/include/php/20151012 -I/usr/include/php/20151012/main -I/usr/include/php/20151012/TSRM -I/usr/include/php/20151012/Zend -I/usr/include/php/20151012/ext -I/usr/include/php/20151012/ext/date/lib -DHAVE_CONFIG_H -O2 -fvisibility=hidden -Wparentheses -flto -DZEPHIR_RELEASE=1 -c /home/lozza/php_inbuilt/lxd/ext/kernel/variables.c  -fPIC -DPIC -o kernel/.libs/variables.o
libtool: compile:  gcc -I. -I/home/lozza/php_inbuilt/lxd/ext -DPHP_ATOM_INC -I/home/lozza/php_inbuilt/lxd/ext/include -I/home/lozza/php_inbuilt/lxd/ext/main -I/home/lozza/php_inbuilt/lxd/ext -I/usr/include/php/20151012 -I/usr/include/php/20151012/main -I/usr/include/php/20151012/TSRM -I/usr/include/php/20151012/Zend -I/usr/include/php/20151012/ext -I/usr/include/php/20151012/ext/date/lib -DHAVE_CONFIG_H -O2 -fvisibility=hidden -Wparentheses -flto -DZEPHIR_RELEASE=1 -c /home/lozza/php_inbuilt/lxd/ext/kernel/filter.c  -fPIC -DPIC -o kernel/.libs/filter.o
libtool: compile:  gcc -I. -I/home/lozza/php_inbuilt/lxd/ext -DPHP_ATOM_INC -I/home/lozza/php_inbuilt/lxd/ext/include -I/home/lozza/php_inbuilt/lxd/ext/main -I/home/lozza/php_inbuilt/lxd/ext -I/usr/include/php/20151012 -I/usr/include/php/20151012/main -I/usr/include/php/20151012/TSRM -I/usr/include/php/20151012/Zend -I/usr/include/php/20151012/ext -I/usr/include/php/20151012/ext/date/lib -DHAVE_CONFIG_H -O2 -fvisibility=hidden -Wparentheses -flto -DZEPHIR_RELEASE=1 -c /home/lozza/php_inbuilt/lxd/ext/kernel/iterator.c  -fPIC -DPIC -o kernel/.libs/iterator.o
libtool: compile:  gcc -I. -I/home/lozza/php_inbuilt/lxd/ext -DPHP_ATOM_INC -I/home/lozza/php_inbuilt/lxd/ext/include -I/home/lozza/php_inbuilt/lxd/ext/main -I/home/lozza/php_inbuilt/lxd/ext -I/usr/include/php/20151012 -I/usr/include/php/20151012/main -I/usr/include/php/20151012/TSRM -I/usr/include/php/20151012/Zend -I/usr/include/php/20151012/ext -I/usr/include/php/20151012/ext/date/lib -DHAVE_CONFIG_H -O2 -fvisibility=hidden -Wparentheses -flto -DZEPHIR_RELEASE=1 -c /home/lozza/php_inbuilt/lxd/ext/kernel/time.c  -fPIC -DPIC -o kernel/.libs/time.o
libtool: compile:  gcc -I. -I/home/lozza/php_inbuilt/lxd/ext -DPHP_ATOM_INC -I/home/lozza/php_inbuilt/lxd/ext/include -I/home/lozza/php_inbuilt/lxd/ext/main -I/home/lozza/php_inbuilt/lxd/ext -I/usr/include/php/20151012 -I/usr/include/php/20151012/main -I/usr/include/php/20151012/TSRM -I/usr/include/php/20151012/Zend -I/usr/include/php/20151012/ext -I/usr/include/php/20151012/ext/date/lib -DHAVE_CONFIG_H -O2 -fvisibility=hidden -Wparentheses -flto -DZEPHIR_RELEASE=1 -c /home/lozza/php_inbuilt/lxd/ext/kernel/exit.c  -fPIC -DPIC -o kernel/.libs/exit.o
libtool: compile:  gcc -I. -I/home/lozza/php_inbuilt/lxd/ext -DPHP_ATOM_INC -I/home/lozza/php_inbuilt/lxd/ext/include -I/home/lozza/php_inbuilt/lxd/ext/main -I/home/lozza/php_inbuilt/lxd/ext -I/usr/include/php/20151012 -I/usr/include/php/20151012/main -I/usr/include/php/20151012/TSRM -I/usr/include/php/20151012/Zend -I/usr/include/php/20151012/ext -I/usr/include/php/20151012/ext/date/lib -DHAVE_CONFIG_H -O2 -fvisibility=hidden -Wparentheses -flto -DZEPHIR_RELEASE=1 -c /home/lozza/php_inbuilt/lxd/ext/lxd/endpoint.zep.c  -fPIC -DPIC -o lxd/.libs/endpoint.o
libtool: compile:  gcc -I. -I/home/lozza/php_inbuilt/lxd/ext -DPHP_ATOM_INC -I/home/lozza/php_inbuilt/lxd/ext/include -I/home/lozza/php_inbuilt/lxd/ext/main -I/home/lozza/php_inbuilt/lxd/ext -I/usr/include/php/20151012 -I/usr/include/php/20151012/main -I/usr/include/php/20151012/TSRM -I/usr/include/php/20151012/Zend -I/usr/include/php/20151012/ext -I/usr/include/php/20151012/ext/date/lib -DHAVE_CONFIG_H -O2 -fvisibility=hidden -Wparentheses -flto -DZEPHIR_RELEASE=1 -c /home/lozza/php_inbuilt/lxd/ext/lxd/client.zep.c  -fPIC -DPIC -o lxd/.libs/client.o
libtool: compile:  gcc -I. -I/home/lozza/php_inbuilt/lxd/ext -DPHP_ATOM_INC -I/home/lozza/php_inbuilt/lxd/ext/include -I/home/lozza/php_inbuilt/lxd/ext/main -I/home/lozza/php_inbuilt/lxd/ext -I/usr/include/php/20151012 -I/usr/include/php/20151012/main -I/usr/include/php/20151012/TSRM -I/usr/include/php/20151012/Zend -I/usr/include/php/20151012/ext -I/usr/include/php/20151012/ext/date/lib -DHAVE_CONFIG_H -O2 -fvisibility=hidden -Wparentheses -flto -DZEPHIR_RELEASE=1 -c /home/lozza/php_inbuilt/lxd/ext/lxd/endpoints/certificates.zep.c  -fPIC -DPIC -o lxd/endpoints/.libs/certificates.o
libtool: compile:  gcc -I. -I/home/lozza/php_inbuilt/lxd/ext -DPHP_ATOM_INC -I/home/lozza/php_inbuilt/lxd/ext/include -I/home/lozza/php_inbuilt/lxd/ext/main -I/home/lozza/php_inbuilt/lxd/ext -I/usr/include/php/20151012 -I/usr/include/php/20151012/main -I/usr/include/php/20151012/TSRM -I/usr/include/php/20151012/Zend -I/usr/include/php/20151012/ext -I/usr/include/php/20151012/ext/date/lib -DHAVE_CONFIG_H -O2 -fvisibility=hidden -Wparentheses -flto -DZEPHIR_RELEASE=1 -c /home/lozza/php_inbuilt/lxd/ext/lxd/endpoints/host.zep.c  -fPIC -DPIC -o lxd/endpoints/.libs/host.o
libtool: compile:  gcc -I. -I/home/lozza/php_inbuilt/lxd/ext -DPHP_ATOM_INC -I/home/lozza/php_inbuilt/lxd/ext/include -I/home/lozza/php_inbuilt/lxd/ext/main -I/home/lozza/php_inbuilt/lxd/ext -I/usr/include/php/20151012 -I/usr/include/php/20151012/main -I/usr/include/php/20151012/TSRM -I/usr/include/php/20151012/Zend -I/usr/include/php/20151012/ext -I/usr/include/php/20151012/ext/date/lib -DHAVE_CONFIG_H -O2 -fvisibility=hidden -Wparentheses -flto -DZEPHIR_RELEASE=1 -c /home/lozza/php_inbuilt/lxd/ext/lxd/lib/certificate.zep.c  -fPIC -DPIC -o lxd/lib/.libs/certificate.o
libtool: compile:  gcc -I. -I/home/lozza/php_inbuilt/lxd/ext -DPHP_ATOM_INC -I/home/lozza/php_inbuilt/lxd/ext/include -I/home/lozza/php_inbuilt/lxd/ext/main -I/home/lozza/php_inbuilt/lxd/ext -I/usr/include/php/20151012 -I/usr/include/php/20151012/main -I/usr/include/php/20151012/TSRM -I/usr/include/php/20151012/Zend -I/usr/include/php/20151012/ext -I/usr/include/php/20151012/ext/date/lib -DHAVE_CONFIG_H -O2 -fvisibility=hidden -Wparentheses -flto -DZEPHIR_RELEASE=1 -c /home/lozza/php_inbuilt/lxd/ext/lxd/lib/curl.zep.c  -fPIC -DPIC -o lxd/lib/.libs/curl.o
libtool: link: gcc -shared  -fPIC -DPIC  .libs/lxd.o kernel/.libs/main.o kernel/.libs/memory.o kernel/.libs/exception.o kernel/.libs/debug.o kernel/.libs/backtrace.o kernel/.libs/object.o kernel/.libs/array.o kernel/.libs/string.o kernel/.libs/fcall.o kernel/.libs/require.o kernel/.libs/file.o kernel/.libs/operators.o kernel/.libs/math.o kernel/.libs/concat.o kernel/.libs/variables.o kernel/.libs/filter.o kernel/.libs/iterator.o kernel/.libs/time.o kernel/.libs/exit.o lxd/.libs/endpoint.o lxd/.libs/client.o lxd/endpoints/.libs/certificates.o lxd/endpoints/.libs/host.o lxd/lib/.libs/certificate.o lxd/lib/.libs/curl.o    -O2 -flto   -Wl,-soname -Wl,lxd.so -o .libs/lxd.so
libtool: link: ( cd ".libs" && rm -f "lxd.la" && ln -s "../lxd.la" "lxd.la" )
libtool: install: cp ./.libs/lxd.so /home/lozza/php_inbuilt/lxd/ext/modules/lxd.so
libtool: install: cp ./.libs/lxd.lai /home/lozza/php_inbuilt/lxd/ext/modules/lxd.la
libtool: finish: PATH="/home/lozza/bin:/home/lozza/.local/bin:/usr/local/sbin:/usr/local/bin:/usr/sbin:/usr/bin:/sbin:/bin:/usr/games:/usr/local/games:/snap/bin:/sbin" ldconfig -n /home/lozza/php_inbuilt/lxd/ext/modules
----------------------------------------------------------------------
Libraries have been installed in:
   /home/lozza/php_inbuilt/lxd/ext/modules

If you ever happen to want to link against installed libraries
in a given directory, LIBDIR, you must either use libtool, and
specify the full pathname of the library, or use the '-LLIBDIR'
flag during linking and do at least one of the following:
   - add LIBDIR to the 'LD_LIBRARY_PATH' environment variable
     during execution
   - add LIBDIR to the 'LD_RUN_PATH' environment variable
     during linking
   - use the '-Wl,-rpath -Wl,LIBDIR' linker flag
   - have your system administrator add LIBDIR to '/etc/ld.so.conf'

See any operating system documentation about shared libraries for
more information, such as the ld(1) and ld.so(8) manual pages.
----------------------------------------------------------------------

Build complete.
Don't forget to run 'make test'.


Build complete.
Don't forget to run 'make test'.

Installing shared extensions:     /usr/lib/php/20151012/
Installing header files:          /usr/include/php/20151012/
